// Jest Snapshot v1, https://goo.gl/fbAQLP

exports[`set(action, n) 1`] = `
Object {
  "entries": Array [
    Array [
      "/base/bar?hell=yea#yolo",
      Object {
        "something": 123,
      },
      "345678",
    ],
    Array [
      "/second",
      Object {},
      "345678",
    ],
  ],
  "index": 1,
}
`;

exports[`set(action, n) 2`] = `
Object {
  "basename": "",
  "blocked": null,
  "direction": "forward",
  "entries": Array [
    Object {
      "basename": "base",
      "hash": "yolo",
      "location": Object {
        "key": "345678",
        "pathname": "/bar",
        "scene": "",
        "search": "hell=yea",
        "url": "/base/bar?hell=yea#yolo",
      },
      "params": Object {
        "foo": "bar",
      },
      "query": Object {
        "hell": "yea",
      },
      "state": Object {
        "something": 123,
      },
      "type": "FIRST",
    },
    Object {
      "basename": "",
      "hash": "",
      "location": Object {
        "key": "345678",
        "pathname": "/second",
        "scene": "",
        "search": "",
        "url": "/second",
      },
      "params": Object {},
      "query": Object {},
      "state": Object {},
      "type": "SECOND",
    },
  ],
  "from": null,
  "hash": "",
  "index": 1,
  "key": "345678",
  "kind": "push",
  "length": 2,
  "n": 1,
  "params": Object {},
  "pathname": "/second",
  "pop": false,
  "prev": Object {
    "basename": "",
    "hash": "",
    "location": Object {
      "index": 0,
      "key": "345678",
      "pathname": "/",
      "scene": "",
      "search": "",
      "url": "/",
    },
    "params": Object {},
    "query": Object {},
    "state": Object {},
    "type": "FIRST",
  },
  "query": Object {},
  "scene": "",
  "search": "",
  "state": Object {},
  "status": 200,
  "type": "SECOND",
  "universal": false,
  "url": "/second",
}
`;
