// Jest Snapshot v1, https://goo.gl/fbAQLP

exports[`new requests cancel current pending (not committed) requests 1`] = `
Object {
  "location": Object {
    "basename": "",
    "direction": "forward",
    "entries": Array [
      Object {
        "basename": "",
        "hash": "",
        "location": Object {
          "key": "345678",
          "pathname": "/first",
          "search": "",
          "url": "/first",
        },
        "params": Object {},
        "query": Object {},
        "state": Object {},
        "type": "FIRST",
      },
      Object {
        "basename": "",
        "hash": "",
        "location": Object {
          "key": "345678",
          "pathname": "/third",
          "search": "",
          "url": "/third",
        },
        "params": Object {},
        "query": Object {},
        "state": Object {},
        "type": "THIRD",
      },
    ],
    "from": null,
    "hash": "",
    "index": 1,
    "key": "345678",
    "kind": "push",
    "length": 2,
    "params": Object {},
    "pathname": "/third",
    "pop": false,
    "prev": Object {
      "basename": "",
      "direction": "forward",
      "entries": Array [
        Object {
          "basename": "",
          "hash": "",
          "location": Object {
            "key": "345678",
            "pathname": "/first",
            "search": "",
            "url": "/first",
          },
          "params": Object {},
          "query": Object {},
          "state": Object {},
          "type": "FIRST",
        },
      ],
      "hash": "",
      "index": 0,
      "key": "345678",
      "kind": "load",
      "length": 1,
      "params": Object {},
      "pathname": "/first",
      "pop": false,
      "query": Object {},
      "scene": "",
      "search": "",
      "state": Object {},
      "status": 200,
      "type": "FIRST",
      "url": "/first",
    },
    "query": Object {},
    "ready": true,
    "scene": "",
    "search": "",
    "state": Object {},
    "status": 200,
    "type": "THIRD",
    "universal": false,
    "url": "/third",
  },
  "title": "THIRD_COMPLETE - \\"thirdThunk\\"",
}
`;
